C51 COMPILER V9.60.0.0   GLOBAL                                                            12/23/2019 14:29:10 PAGE 1   


C51 COMPILER V9.60.0.0, COMPILATION OF MODULE GLOBAL
OBJECT MODULE PLACED IN .\Objects\global.obj
COMPILER INVOKED BY: C:\Users\M\AppData\Local\Keil\Keil_v4\C51\BIN\C51.EXE ..\lib\user\src\global.c LARGE OPTIMIZE(8,SPE
                    -ED) BROWSE INCDIR(..\lib\n76e003\Include;..\lib\user\inc) DEFINE(FOSC_160000) DEBUG OBJECTEXTEND PRINT(.\Listings\global
                    -.lst) TABS(2) OBJECT(.\Objects\global.obj)

line level    source

   1          #include "global.h"
   2          
   3          //Struct_RunData runData = {0};
   4          Struct_GlobalData global = {0};


MODULE INFORMATION:   STATIC OVERLAYABLE
   CODE SIZE        =   ----    ----
   CONSTANT SIZE    =   ----    ----
   XDATA SIZE       =    676    ----
   PDATA SIZE       =   ----    ----
   DATA SIZE        =   ----    ----
   IDATA SIZE       =   ----    ----
   BIT SIZE         =   ----    ----
END OF MODULE INFORMATION.


C51 COMPILATION COMPLETE.  0 WARNING(S),  0 ERROR(S)
